
[1m[46m RUN [49m[22m [36mv4.0.18 [39m[90m/Users/rudra/Development/watch-rudra[39m

 [31m❯[39m tests/features/watch-party/hooks/useGestureDetection.test.ts [2m([22m[2m3 tests[22m[2m | [22m[31m3 failed[39m[2m)[22m[32m 33[2mms[22m[39m
[31m     [31m×[31m triggers RTM interaction for valid gesture[39m[32m 26[2mms[22m[39m
[31m     [31m×[31m triggers RTM interaction for smile[39m[32m 3[2mms[22m[39m
[31m     [31m×[31m respects 2-second cooldown[39m[32m 2[2mms[22m[39m
 [31m❯[39m tests/features/auth/schema.test.ts [2m([22m[2m31 tests[22m[2m | [22m[31m5 failed[39m[2m)[22m[32m 20[2mms[22m[39m
       [32m✓[39m should validate correct login data[32m 2[2mms[22m[39m
       [32m✓[39m should reject empty email[32m 0[2mms[22m[39m
       [32m✓[39m should reject empty password[32m 0[2mms[22m[39m
       [32m✓[39m should accept optional captcha token[32m 0[2mms[22m[39m
[31m       [31m×[31m should validate correct registration data[39m[32m 3[2mms[22m[39m
       [32m✓[39m should reject name shorter than 2 characters[32m 0[2mms[22m[39m
       [32m✓[39m should reject invalid email format[32m 0[2mms[22m[39m
       [32m✓[39m should reject password shorter than 8 characters[32m 0[2mms[22m[39m
       [32m✓[39m should reject password without uppercase letter[32m 0[2mms[22m[39m
       [32m✓[39m should reject password without special character[32m 0[2mms[22m[39m
[31m       [31m×[31m should reject password without lowercase[39m[32m 0[2mms[22m[39m
[31m       [31m×[31m should accept password without number (not required)[39m[32m 0[2mms[22m[39m
       [32m✓[39m should accept optional invite code[32m 0[2mms[22m[39m
       [32m✓[39m should validate correct email[32m 0[2mms[22m[39m
       [32m✓[39m should reject invalid email format[32m 0[2mms[22m[39m
       [32m✓[39m should validate matching passwords[32m 0[2mms[22m[39m
       [32m✓[39m should reject password shorter than 8 characters[32m 0[2mms[22m[39m
[31m       [31m×[31m should accept password without lowercase letter (optional)[39m[32m 1[2mms[22m[39m
       [32m✓[39m should reject password without uppercase letter[32m 0[2mms[22m[39m
[31m       [31m×[31m should accept password without number (optional)[39m[32m 2[2mms[22m[39m
       [32m✓[39m should reject password without special character[32m 0[2mms[22m[39m
       [32m✓[39m should reject non-matching passwords[32m 1[2mms[22m[39m
       [32m✓[39m should return weak for empty password[32m 0[2mms[22m[39m
       [32m✓[39m should return weak for short password[32m 0[2mms[22m[39m
       [32m✓[39m should return weak for password with only lowercase[32m 0[2mms[22m[39m
       [32m✓[39m should return fair for 8+ chars with uppercase and special[32m 0[2mms[22m[39m
       [32m✓[39m should return strong for long password with all char types[32m 0[2mms[22m[39m
       [32m✓[39m should penalize repeated characters[32m 0[2mms[22m[39m
       [32m✓[39m should penalize keyboard patterns[32m 0[2mms[22m[39m
       [32m✓[39m should give bonus for 12+ char password[32m 0[2mms[22m[39m
       [32m✓[39m should give bonus for all 4 character types[32m 3[2mms[22m[39m
 [31m❯[39m tests/features/auth/validation.test.ts [2m([22m[2m21 tests[22m[2m | [22m[31m5 failed[39m[2m)[22m[32m 23[2mms[22m[39m
     [32m✓[39m accepts valid login data[32m 2[2mms[22m[39m
     [32m✓[39m accepts login with optional captcha[32m 0[2mms[22m[39m
     [32m✓[39m rejects empty email[32m 0[2mms[22m[39m
     [32m✓[39m rejects empty password[32m 0[2mms[22m[39m
[31m     [31m×[31m accepts valid registration data[39m[32m 8[2mms[22m[39m
     [32m✓[39m rejects password without uppercase[32m 4[2mms[22m[39m
     [32m✓[39m rejects password without special character[32m 0[2mms[22m[39m
     [32m✓[39m rejects short password (under 8 chars)[32m 0[2mms[22m[39m
[31m     [31m×[31m accepts password without lowercase (not required)[39m[32m 1[2mms[22m[39m
[31m     [31m×[31m accepts password without number (not required)[39m[32m 1[2mms[22m[39m
     [32m✓[39m rejects invalid email[32m 0[2mms[22m[39m
     [32m✓[39m rejects short name[32m 0[2mms[22m[39m
     [32m✓[39m accepts valid email[32m 2[2mms[22m[39m
     [32m✓[39m rejects invalid email[32m 0[2mms[22m[39m
     [32m✓[39m accepts valid password reset[32m 0[2mms[22m[39m
     [32m✓[39m rejects mismatched passwords[32m 0[2mms[22m[39m
[31m     [31m×[31m accepts passwords without lowercase (optional)[39m[32m 0[2mms[22m[39m
     [32m✓[39m requires uppercase letter[32m 0[2mms[22m[39m
[31m     [31m×[31m accepts passwords without number (optional)[39m[32m 0[2mms[22m[39m
     [32m✓[39m requires special character[32m 0[2mms[22m[39m
     [32m✓[39m requires minimum 8 characters[32m 0[2mms[22m[39m
 [31m❯[39m tests/features/watch-party/components/MediaControls.test.tsx [2m([22m[2m31 tests[22m[2m | [22m[31m1 failed[39m[2m)[22m[32m 249[2mms[22m[39m
       [32m✓[39m should display user name[32m 28[2mms[22m[39m
       [32m✓[39m should display user avatar with first letter[32m 8[2mms[22m[39m
       [32m✓[39m should show connected status when Agora is connected[32m 7[2mms[22m[39m
       [32m✓[39m should show connecting status when Agora is not yet connected[32m 7[2mms[22m[39m
       [32m✓[39m should truncate long user names[32m 5[2mms[22m[39m
       [32m✓[39m should show Copy Invite Link button for host[32m 7[2mms[22m[39m
       [32m✓[39m should not show Copy Invite Link button for non-host[32m 9[2mms[22m[39m
       [32m✓[39m should call onCopyLink when copy button clicked[32m 5[2mms[22m[39m
       [32m✓[39m should show Copied! when linkCopied is true[32m 6[2mms[22m[39m
       [32m✓[39m should show End Party for host[32m 6[2mms[22m[39m
       [32m✓[39m should show Leave Party for non-host[32m 8[2mms[22m[39m
       [32m✓[39m should call onLeave when leave button clicked[32m 4[2mms[22m[39m
       [32m✓[39m should show unmuted mic icon when audio enabled[32m 4[2mms[22m[39m
       [32m✓[39m should show muted mic icon when audio disabled[32m 3[2mms[22m[39m
       [32m✓[39m should call onToggleAudio when mic button clicked[32m 5[2mms[22m[39m
       [32m✓[39m should show audio device dropdown when arrow clicked[32m 9[2mms[22m[39m
       [32m✓[39m should call onSwitchAudioDevice when device selected[32m 12[2mms[22m[39m
       [32m✓[39m should close dropdown after selecting device[32m 8[2mms[22m[39m
       [32m✓[39m should show camera on icon when video enabled[32m 17[2mms[22m[39m
       [32m✓[39m should show camera off icon when video disabled[32m 5[2mms[22m[39m
       [32m✓[39m should call onToggleVideo when camera button clicked[32m 3[2mms[22m[39m
       [32m✓[39m should show video device dropdown when arrow clicked[32m 10[2mms[22m[39m
       [32m✓[39m should call onSwitchVideoDevice when device selected[32m 10[2mms[22m[39m
       [32m✓[39m should close audio dropdown when opening video dropdown[32m 11[2mms[22m[39m
       [32m✓[39m should close video dropdown when opening audio dropdown[32m 8[2mms[22m[39m
       [32m✓[39m should close dropdown when close button clicked[32m 7[2mms[22m[39m
       [32m✓[39m should show no devices message when no devices available[32m 4[2mms[22m[39m
[31m       [31m×[31m should highlight currently selected device[39m[32m 11[2mms[22m[39m
       [32m✓[39m should handle null selectedAudioDevice[32m 8[2mms[22m[39m
       [32m✓[39m should handle null selectedVideoDevice[32m 8[2mms[22m[39m
       [32m✓[39m should handle empty username[32m 3[2mms[22m[39m
 [32m✓[39m tests/features/watch/controls/EpisodePanel.test.tsx [2m([22m[2m26 tests[22m[2m)[22m[33m 750[2mms[22m[39m
 [32m✓[39m tests/features/watch-party/hooks/useAgora.test.ts [2m([22m[2m20 tests[22m[2m)[22m[33m 846[2mms[22m[39m
 [32m✓[39m tests/features/profile/components/activity-graph.test.tsx [2m([22m[2m7 tests[22m[2m)[22m[33m 458[2mms[22m[39m
 [32m✓[39m tests/features/search/download-menu.test.tsx [2m([22m[2m13 tests[22m[2m)[22m[33m 311[2mms[22m[39m
 [32m✓[39m tests/features/profile/components/update-profile-form.test.tsx [2m([22m[2m18 tests[22m[2m)[22m[33m 816[2mms[22m[39m
 [32m✓[39m tests/features/watch/player/useHls.test.ts [2m([22m[2m27 tests[22m[2m)[22m[33m 1208[2mms[22m[39m
 [32m✓[39m tests/features/watch-party/components/WatchPartySidebar.test.tsx [2m([22m[2m29 tests[22m[2m)[22m[33m 480[2mms[22m[39m
 [32m✓[39m tests/features/search/hooks/use-search-input.test.ts [2m([22m[2m13 tests[22m[2m)[22m[33m 1445[2mms[22m[39m
     [33m[2m✓[22m[39m does NOT fetch suggestions on s1 server [33m 603[2mms[22m[39m
     [33m[2m✓[22m[39m fetches suggestions on s2 server after debounce [33m 611[2mms[22m[39m
 [32m✓[39m tests/features/watch-party/components/WatchPartyChat.test.tsx [2m([22m[2m40 tests[22m[2m)[22m[33m 401[2mms[22m[39m
 [32m✓[39m tests/providers/login-page.test.tsx [2m([22m[2m4 tests[22m[2m)[22m[32m 246[2mms[22m[39m
 [32m✓[39m tests/hooks/use-debounce.test.ts [2m([22m[2m5 tests[22m[2m)[22m[32m 222[2mms[22m[39m
 [32m✓[39m tests/hooks/use-mobile-detection.test.ts [2m([22m[2m12 tests[22m[2m)[22m[32m 181[2mms[22m[39m
 [32m✓[39m tests/features/watch/hooks/use-continue-watching.test.ts [2m([22m[2m3 tests[22m[2m)[22m[32m 178[2mms[22m[39m
 [32m✓[39m tests/features/watch/continue-watching.test.tsx [2m([22m[2m18 tests[22m[2m)[22m[32m 207[2mms[22m[39m
 [32m✓[39m tests/features/watch-party/hooks/useSoundboard.test.ts [2m([22m[2m3 tests[22m[2m)[22m[32m 174[2mms[22m[39m
 [32m✓[39m tests/features/watch/player/useS2AudioTracks.test.ts [2m([22m[2m8 tests[22m[2m)[22m[32m 181[2mms[22m[39m
 [32m✓[39m tests/providers/auth-provider.test.tsx [2m([22m[2m27 tests[22m[2m)[22m[32m 200[2mms[22m[39m
 [32m✓[39m tests/components/ui/dialog.test.tsx [2m([22m[2m10 tests[22m[2m)[22m[32m 87[2mms[22m[39m
 [32m✓[39m tests/lib/utils.test.ts [2m([22m[2m35 tests[22m[2m)[22m[32m 125[2mms[22m[39m
 [32m✓[39m tests/features/watch-party/components/PendingRequests.test.tsx [2m([22m[2m13 tests[22m[2m)[22m[32m 83[2mms[22m[39m
 [32m✓[39m tests/features/watch-party/components/WatchPartyLobby.test.tsx [2m([22m[2m32 tests[22m[2m)[22m[32m 164[2mms[22m[39m
 [32m✓[39m tests/features/search/content-info.test.tsx [2m([22m[2m20 tests[22m[2m)[22m[32m 150[2mms[22m[39m
 [32m✓[39m tests/features/watch-party/components/WatchPartySketch.test.tsx [2m([22m[2m12 tests[22m[2m)[22m[32m 152[2mms[22m[39m
 [32m✓[39m tests/features/watch/overlays/NextEpisodeOverlay.test.tsx [2m([22m[2m19 tests[22m[2m)[22m[32m 70[2mms[22m[39m
 [32m✓[39m tests/features/watch/controls/volume.test.tsx [2m([22m[2m22 tests[22m[2m)[22m[32m 102[2mms[22m[39m
 [32m✓[39m tests/features/watch-party/hooks/useWatchPartyMembers.test.ts [2m([22m[2m14 tests[22m[2m)[22m[32m 84[2mms[22m[39m
 [32m✓[39m tests/lib/edge-cases.test.ts [2m([22m[2m1 test[22m[2m)[22m[32m 53[2mms[22m[39m
 [32m✓[39m tests/features/watch-party/components/SketchOverlay.test.tsx [2m([22m[2m7 tests[22m[2m)[22m[32m 63[2mms[22m[39m
 [32m✓[39m tests/features/watch/controls/fullscreen.test.tsx [2m([22m[2m9 tests[22m[2m)[22m[32m 69[2mms[22m[39m
 [32m✓[39m tests/features/watch-party/components/WatchPartySettings.test.tsx [2m([22m[2m3 tests[22m[2m)[22m[32m 103[2mms[22m[39m
 [32m✓[39m tests/features/watch/overlays/ErrorOverlay.test.tsx [2m([22m[2m12 tests[22m[2m)[22m[32m 41[2mms[22m[39m
 [32m✓[39m tests/features/watch-party/components/interactions/Soundboard.test.tsx [2m([22m[2m3 tests[22m[2m)[22m[32m 49[2mms[22m[39m
 [32m✓[39m tests/features/watch-party/components/SidebarTabs.test.tsx [2m([22m[2m6 tests[22m[2m)[22m[32m 78[2mms[22m[39m
 [32m✓[39m tests/features/watch/controls/PlayPause.test.tsx [2m([22m[2m23 tests[22m[2m)[22m[32m 84[2mms[22m[39m
 [32m✓[39m tests/lib/utils.extra.test.ts [2m([22m[2m15 tests[22m[2m)[22m[32m 68[2mms[22m[39m
 [32m✓[39m tests/features/watch/controls/use-episode-panel.test.ts [2m([22m[2m21 tests[22m[2m)[22m[32m 62[2mms[22m[39m
 [32m✓[39m tests/features/watch-party/components/interactions/FloatingEmojis.test.tsx [2m([22m[2m3 tests[22m[2m)[22m[32m 32[2mms[22m[39m
 [32m✓[39m tests/features/profile/public-profile-page.test.tsx [2m([22m[2m3 tests[22m[2m)[22m[32m 131[2mms[22m[39m
 [32m✓[39m tests/features/watch-party/components/VideoGrid.test.tsx [2m([22m[2m16 tests[22m[2m)[22m[32m 66[2mms[22m[39m
 [32m✓[39m tests/features/watch/overlays/LoadingOverlay.test.tsx [2m([22m[2m7 tests[22m[2m)[22m[32m 40[2mms[22m[39m
 [32m✓[39m tests/features/watch/player/useTheaterMode.test.ts [2m([22m[2m21 tests[22m[2m)[22m[32m 52[2mms[22m[39m
 [32m✓[39m tests/features/watch-party/hooks/useWatchPartySync.test.ts [2m([22m[2m11 tests[22m[2m)[22m[32m 37[2mms[22m[39m
 [32m✓[39m tests/features/watch-party/hooks/useWatchParty.test.ts [2m([22m[2m8 tests[22m[2m)[22m[32m 55[2mms[22m[39m
 [32m✓[39m tests/features/watch-party/hooks/useFloatingEmojis.test.ts [2m([22m[2m3 tests[22m[2m)[22m[32m 21[2mms[22m[39m
 [32m✓[39m tests/features/watch/controls/PlayerEpisodePanel.test.tsx [2m([22m[2m13 tests[22m[2m)[22m[32m 42[2mms[22m[39m
 [32m✓[39m tests/features/watch-party/hooks/useWatchPartyLifecycle.test.ts [2m([22m[2m5 tests[22m[2m)[22m[32m 19[2mms[22m[39m
 [32m✓[39m tests/components/ui/input.test.tsx [2m([22m[2m11 tests[22m[2m)[22m[32m 37[2mms[22m[39m
 [32m✓[39m tests/features/watch/page/use-mobile-detection.test.ts [2m([22m[2m12 tests[22m[2m)[22m[32m 17[2mms[22m[39m
 [32m✓[39m tests/providers/socket-provider.test.tsx [2m([22m[2m9 tests[22m[2m)[22m[32m 25[2mms[22m[39m
 [32m✓[39m tests/components/ui/badge.test.tsx [2m([22m[2m8 tests[22m[2m)[22m[32m 75[2mms[22m[39m
 [32m✓[39m tests/features/watch/controls/SkipButtons.test.tsx [2m([22m[2m11 tests[22m[2m)[22m[32m 35[2mms[22m[39m
 [32m✓[39m tests/features/watch/subtitle-settings.test.ts [2m([22m[2m16 tests[22m[2m)[22m[32m 56[2mms[22m[39m
 [32m✓[39m tests/features/watch-party/hooks/useWatchPartyChat.test.ts [2m([22m[2m5 tests[22m[2m)[22m[32m 37[2mms[22m[39m
 [32m✓[39m tests/features/watch-party/context/SketchContext.test.tsx [2m([22m[2m5 tests[22m[2m)[22m[32m 46[2mms[22m[39m
 [32m✓[39m tests/features/watch-party/hooks/use-watch-party-video-area.test.ts [2m([22m[2m16 tests[22m[2m)[22m[32m 26[2mms[22m[39m
 [32m✓[39m tests/providers/server-provider.test.tsx [2m([22m[2m6 tests[22m[2m)[22m[32m 18[2mms[22m[39m
 [32m✓[39m tests/features/watch/overlays/BufferingOverlay.test.tsx [2m([22m[2m6 tests[22m[2m)[22m[32m 28[2mms[22m[39m
 [32m✓[39m tests/features/watch-party/chat/hooks/useWatchPartyChat.test.ts [2m([22m[2m6 tests[22m[2m)[22m[32m 28[2mms[22m[39m
 [32m✓[39m tests/lib/fetch.test.ts [2m([22m[2m31 tests[22m[2m)[22m[32m 26[2mms[22m[39m
 [32m✓[39m tests/lib/storage-cache.test.ts [2m([22m[2m17 tests[22m[2m)[22m[32m 5[2mms[22m[39m
 [32m✓[39m tests/features/watch-party/components/interactions/EmojiReactions.test.tsx [2m([22m[2m2 tests[22m[2m)[22m[32m 34[2mms[22m[39m
 [32m✓[39m tests/features/watch-party/hooks/useEmojiReactions.test.ts [2m([22m[2m4 tests[22m[2m)[22m[32m 33[2mms[22m[39m
 [32m✓[39m tests/features/watch/player/useMp4.test.ts [2m([22m[2m12 tests[22m[2m)[22m[32m 33[2mms[22m[39m
 [32m✓[39m tests/helpers/utils.test.ts [2m([22m[2m15 tests[22m[2m)[22m[32m 15[2mms[22m[39m
 [32m✓[39m tests/features/watch/utils.test.ts [2m([22m[2m32 tests[22m[2m)[22m[32m 10[2mms[22m[39m
 [32m✓[39m tests/hooks/use-predictive-sync.test.ts [2m([22m[2m15 tests[22m[2m)[22m[32m 28[2mms[22m[39m
 [32m✓[39m tests/features/watch/api.test.ts [2m([22m[2m46 tests[22m[2m)[22m[32m 21[2mms[22m[39m
 [32m✓[39m tests/features/profile/schema.test.ts [2m([22m[2m15 tests[22m[2m)[22m[32m 3[2mms[22m[39m
 [32m✓[39m tests/features/watch-party/hooks/useClockSync.test.ts [2m([22m[2m3 tests[22m[2m)[22m[32m 17[2mms[22m[39m
 [32m✓[39m tests/features/watch/series-cache.test.ts [2m([22m[2m21 tests[22m[2m)[22m[32m 14[2mms[22m[39m
 [32m✓[39m tests/features/watch-party/types.test.ts [2m([22m[2m14 tests[22m[2m)[22m[32m 5[2mms[22m[39m
 [32m✓[39m tests/features/watch/player/types.test.ts [2m([22m[2m33 tests[22m[2m)[22m[32m 6[2mms[22m[39m
 [32m✓[39m tests/features/profile/api.test.ts [2m([22m[2m20 tests[22m[2m)[22m[32m 14[2mms[22m[39m
 [32m✓[39m tests/lib/linkify.test.ts [2m([22m[2m40 tests[22m[2m)[22m[32m 10[2mms[22m[39m
 [32m✓[39m tests/lib/socket.test.ts [2m([22m[2m21 tests[22m[2m)[22m[32m 8[2mms[22m[39m
 [32m✓[39m tests/features/watch-party/services/watch-party.api.test.ts [2m([22m[2m30 tests[22m[2m)[22m[32m 8[2mms[22m[39m
 [32m✓[39m tests/features/watch/player/services/StreamUrlService.test.ts [2m([22m[2m17 tests[22m[2m)[22m[32m 4[2mms[22m[39m
 [32m✓[39m tests/features/auth/api.test.ts [2m([22m[2m12 tests[22m[2m)[22m[32m 6[2mms[22m[39m
 [32m✓[39m tests/features/watch/player/services/WatchProgressService.test.ts [2m([22m[2m9 tests[22m[2m)[22m[32m 8[2mms[22m[39m
 [32m✓[39m tests/features/watch/player/services/SpriteService.test.ts [2m([22m[2m9 tests[22m[2m)[22m[32m 8[2mms[22m[39m
 [32m✓[39m tests/features/schemas.test.ts [2m([22m[2m24 tests[22m[2m)[22m[32m 6[2mms[22m[39m
 [32m✓[39m tests/types/index.test.ts [2m([22m[2m10 tests[22m[2m)[22m[32m 5[2mms[22m[39m
 [32m✓[39m tests/features/watch-party/soundboard-api.test.ts [2m([22m[2m4 tests[22m[2m)[22m[32m 6[2mms[22m[39m
 [32m✓[39m tests/lib/constants.extra.test.ts [2m([22m[2m11 tests[22m[2m)[22m[32m 5[2mms[22m[39m
 [32m✓[39m tests/features/watch-party/api.test.ts [2m([22m[2m6 tests[22m[2m)[22m[32m 7[2mms[22m[39m
 [32m✓[39m tests/lib/constants.test.ts [2m([22m[2m6 tests[22m[2m)[22m[32m 4[2mms[22m[39m
 [32m✓[39m tests/lib/env_error.test.ts [2m([22m[2m2 tests[22m[2m)[22m[32m 2[2mms[22m[39m
 [32m✓[39m tests/features/search/schema.test.ts [2m([22m[2m9 tests[22m[2m)[22m[32m 3[2mms[22m[39m
 [32m✓[39m tests/features/watch/player/services/NextEpisodeService.test.ts [2m([22m[2m6 tests[22m[2m)[22m[32m 3[2mms[22m[39m
 [32m✓[39m tests/features/watch/api-types.test.ts [2m([22m[2m8 tests[22m[2m)[22m[32m 3[2mms[22m[39m
 [32m✓[39m tests/features/search/api.test.ts [2m([22m[2m12 tests[22m[2m)[22m[32m 6[2mms[22m[39m
 [32m✓[39m tests/features/watch-party/services/agora.api.test.ts [2m([22m[2m3 tests[22m[2m)[22m[32m 8[2mms[22m[39m
 [32m✓[39m tests/lib/storage.test.ts [2m([22m[2m15 tests[22m[2m)[22m[32m 3[2mms[22m[39m
 [32m✓[39m tests/lib/auth.test.ts [2m([22m[2m13 tests[22m[2m)[22m[32m 6[2mms[22m[39m
 [32m✓[39m tests/lib/env.test.ts [2m([22m[2m3 tests[22m[2m)[22m[32m 2[2mms[22m[39m
 [32m✓[39m tests/features/search/types.test.ts [2m([22m[2m6 tests[22m[2m)[22m[32m 4[2mms[22m[39m
 [32m✓[39m tests/features/search/api-types.test.ts [2m([22m[2m5 tests[22m[2m)[22m[32m 2[2mms[22m[39m
 [32m✓[39m tests/features/watch/types.extra.test.ts [2m([22m[2m4 tests[22m[2m)[22m[32m 1[2mms[22m[39m
 [32m✓[39m tests/features/profile/types.test.ts [2m([22m[2m3 tests[22m[2m)[22m[32m 2[2mms[22m[39m
 [32m✓[39m tests/lib/cookies.test.ts [2m([22m[2m4 tests[22m[2m)[22m[32m 1[2mms[22m[39m

[2m Test Files [22m [1m[31m4 failed[39m[22m[2m | [22m[1m[32m100 passed[39m[22m[90m (104)[39m
[2m      Tests [22m [1m[31m14 failed[39m[22m[2m | [22m[1m[32m1395 passed[39m[22m[90m (1409)[39m
[2m   Start at [22m 10:31:15
[2m   Duration [22m 7.73s[2m (transform 2.42s, setup 11.98s, import 6.87s, tests 11.63s, environment 21.14s)[22m

